[2026-05-24 10:19:24.972] Initializing isolated proto toolchains and latest cloudflared tunnel binary in background...
[2026-05-24 10:19:24.977] Proto CLI verified and active.
[2026-05-24 10:19:24.991] Toolchains checked / verified stable.
[2026-05-24 10:19:30.124] Initializing isolated proto toolchains and latest cloudflared tunnel binary in background...
[2026-05-24 10:19:30.127] Proto CLI verified and active.
[2026-05-24 10:19:30.155] Toolchains checked / verified stable.
[2026-05-24 10:19:30.972] Cloudflared binary verified / updated successfully.
[2026-05-24 10:19:30.975] Isolated environment initialized successfully!
[2026-05-24 10:19:35.841] Initializing isolated proto toolchains and latest cloudflared tunnel binary in background...
[2026-05-24 10:19:35.846] Proto CLI verified and active.
[2026-05-24 10:19:35.849] Toolchains checked / verified stable.
[2026-05-24 10:19:36.107] Cloudflared binary verified / updated successfully.
[2026-05-24 10:19:36.110] Isolated environment initialized successfully!
[2026-05-24 10:19:40.483] Initializing isolated proto toolchains and latest cloudflared tunnel binary in background...
[2026-05-24 10:19:40.486] Proto CLI verified and active.
[2026-05-24 10:19:40.535] Toolchains checked / verified stable.
[2026-05-24 10:19:45.362] Initializing isolated proto toolchains and latest cloudflared tunnel binary in background...
[2026-05-24 10:19:45.365] Proto CLI verified and active.
[2026-05-24 10:19:45.368] Toolchains checked / verified stable.
[2026-05-24 10:19:50.274] Initializing isolated proto toolchains and latest cloudflared tunnel binary in background...
[2026-05-24 10:19:50.278] Proto CLI verified and active.
[2026-05-24 10:19:50.333] Toolchains checked / verified stable.
[2026-05-24 10:19:55.788] Initializing isolated proto toolchains and latest cloudflared tunnel binary in background...
[2026-05-24 10:19:55.792] Proto CLI verified and active.
[2026-05-24 10:19:55.799] Toolchains checked / verified stable.
[2026-05-24 10:22:03.597] Initializing isolated proto toolchains and latest cloudflared tunnel binary in background...
[2026-05-24 10:22:03.601] Proto CLI verified and active.
[2026-05-24 10:22:03.620] Toolchains checked / verified stable.
[2026-05-24 10:22:10.212] Cloudflared binary verified / updated successfully.
[2026-05-24 10:22:10.213] Isolated environment initialized successfully!
[2026-05-24 10:31:03.242] Initializing isolated proto toolchains and latest cloudflared tunnel binary in background...
[2026-05-24 10:31:03.247] Proto CLI verified and active.
[2026-05-24 10:31:03.282] Toolchains checked / verified stable.
[2026-05-24 10:31:10.215] Cloudflared binary verified / updated successfully.
[2026-05-24 10:31:10.218] Isolated environment initialized successfully!
[2026-05-24 10:33:38.382] Initializing isolated proto toolchains and latest cloudflared tunnel binary in background...
[2026-05-24 10:33:38.386] Proto CLI verified and active.
[2026-05-24 10:33:38.408] Toolchains checked / verified stable.
[2026-05-24 10:34:00.288] Cloudflared binary verified / updated successfully.
[2026-05-24 10:34:00.290] Isolated environment initialized successfully!
[2026-05-24 10:36:07.236] Initializing isolated proto toolchains and latest cloudflared tunnel binary in background...
[2026-05-24 10:36:07.241] Proto CLI verified and active.
[2026-05-24 10:36:07.337] Toolchains checked / verified stable.
[2026-05-24 10:36:13.173] Cloudflared binary verified / updated successfully.
[2026-05-24 10:36:13.175] Isolated environment initialized successfully!
[2026-05-24 10:38:26.159] Initializing isolated proto toolchains and latest cloudflared tunnel binary in background...
[2026-05-24 10:38:26.164] Proto CLI verified and active.
[2026-05-24 10:38:26.277] Toolchains checked / verified stable.
[2026-05-24 10:38:31.883] Cloudflared binary verified / updated successfully.
[2026-05-24 10:38:31.884] Isolated environment initialized successfully!
